[     636ms] [INFO] %cDownload the React DevTools for a better development experience: https://react.dev/link/react-devtools font-weight:bold @ http://localhost:3100/_next/static/chunks/node_modules_next_dist_f3530cac._.js:2297
[     817ms] [VERBOSE] [DOM] Input elements should have autocomplete attributes (suggested: "current-password"): (More info: https://goo.gl/9p2vKq) %o @ http://localhost:3100/login:0
[     844ms] [LOG] [HMR] connected @ http://localhost:3100/_next/static/chunks/node_modules_next_dist_f3530cac._.js:2297
[    1404ms] [LOG] [Fast Refresh] rebuilding @ http://localhost:3100/_next/static/chunks/node_modules_next_dist_f3530cac._.js:2297
[    1437ms] [LOG] [Fast Refresh] done in 135ms @ http://localhost:3100/_next/static/chunks/node_modules_next_dist_f3530cac._.js:2297
[    1578ms] [LOG] [Fast Refresh] rebuilding @ http://localhost:3100/_next/static/chunks/node_modules_next_dist_f3530cac._.js:2297
[    1584ms] [LOG] [Fast Refresh] done in 106ms @ http://localhost:3100/_next/static/chunks/node_modules_next_dist_f3530cac._.js:2297
[    1698ms] [LOG] [Fast Refresh] rebuilding @ http://localhost:3100/_next/static/chunks/node_modules_next_dist_f3530cac._.js:2297
[    1703ms] [LOG] [Fast Refresh] done in 105ms @ http://localhost:3100/_next/static/chunks/node_modules_next_dist_f3530cac._.js:2297
[    1817ms] [LOG] [Fast Refresh] rebuilding @ http://localhost:3100/_next/static/chunks/node_modules_next_dist_f3530cac._.js:2297
[    1835ms] [LOG] [Fast Refresh] done in 117ms @ http://localhost:3100/_next/static/chunks/node_modules_next_dist_f3530cac._.js:2297
[   11339ms] [VERBOSE] [DOM] Input elements should have autocomplete attributes (suggested: "current-password"): (More info: https://goo.gl/9p2vKq) %o @ http://localhost:3100/login:0
[   11385ms] [INFO] %cDownload the React DevTools for a better development experience: https://react.dev/link/react-devtools font-weight:bold @ http://localhost:3100/_next/static/chunks/node_modules_next_dist_f3530cac._.js:2297
[   11462ms] [LOG] [HMR] connected @ http://localhost:3100/_next/static/chunks/node_modules_next_dist_f3530cac._.js:2297
[   12407ms] [ERROR] Failed to load resource: the server responded with a status of 500 () @ https://va.tawk.to/v1/session/start:0
[   13803ms] [LOG] [Fast Refresh] rebuilding @ http://localhost:3100/_next/static/chunks/node_modules_next_dist_f3530cac._.js:2297
[   13825ms] [LOG] [Fast Refresh] done in 122ms @ http://localhost:3100/_next/static/chunks/node_modules_next_dist_f3530cac._.js:2297
[   14371ms] [LOG] [Fast Refresh] rebuilding @ http://localhost:3100/_next/static/chunks/node_modules_next_dist_f3530cac._.js:2297
[   14481ms] [LOG] [Fast Refresh] done in 210ms @ http://localhost:3100/_next/static/chunks/node_modules_next_dist_f3530cac._.js:2297
[   14598ms] [LOG] [Fast Refresh] rebuilding @ http://localhost:3100/_next/static/chunks/node_modules_next_dist_f3530cac._.js:2297
[   14606ms] [LOG] [Fast Refresh] done in 108ms @ http://localhost:3100/_next/static/chunks/node_modules_next_dist_f3530cac._.js:2297
[   14708ms] [LOG] [Fast Refresh] rebuilding @ http://localhost:3100/_next/static/chunks/node_modules_next_dist_f3530cac._.js:2297
[   14837ms] [LOG] [Fast Refresh] done in 229ms @ http://localhost:3100/_next/static/chunks/node_modules_next_dist_f3530cac._.js:2297
[   15350ms] [ERROR] Failed to load resource: the server responded with a status of 404 (Not Found) @ http://localhost:3100/avatars/admin.jpg:0
[   15374ms] [LOG] [Fast Refresh] rebuilding @ http://localhost:3100/_next/static/chunks/node_modules_next_dist_f3530cac._.js:2297
[   15376ms] [LOG] [Fast Refresh] done in 427ms @ http://localhost:3100/_next/static/chunks/node_modules_next_dist_f3530cac._.js:2297
[   15476ms] [LOG] [Fast Refresh] rebuilding @ http://localhost:3100/_next/static/chunks/node_modules_next_dist_f3530cac._.js:2297
[   15485ms] [LOG] [Fast Refresh] done in 109ms @ http://localhost:3100/_next/static/chunks/node_modules_next_dist_f3530cac._.js:2297
[   34059ms] [LOG] [Fast Refresh] rebuilding @ http://localhost:3100/_next/static/chunks/node_modules_next_dist_f3530cac._.js:2297
[   34086ms] [LOG] [Fast Refresh] done in 127ms @ http://localhost:3100/_next/static/chunks/node_modules_next_dist_f3530cac._.js:2297
[   34484ms] [INFO] %cDownload the React DevTools for a better development experience: https://react.dev/link/react-devtools font-weight:bold @ http://localhost:3100/_next/static/chunks/node_modules_next_dist_f3530cac._.js:2297
[   34530ms] [LOG] %c%s%c SHIPMENTS COUNT: background: #e6e6e6;background: light-dark(rgba(0,0,0,0.1), rgba(255,255,255,0.25));color: #000000;color: light-dark(#000000, #ffffff);border-radius: 2px  Server   1 @ http://localhost:3100/_next/static/chunks/node_modules_next_dist_f3530cac._.js:2297
[   34550ms] [LOG] [HMR] connected @ http://localhost:3100/_next/static/chunks/node_modules_next_dist_f3530cac._.js:2297
[   35000ms] [ERROR] Failed to load resource: the server responded with a status of 404 (Not Found) @ http://localhost:3100/avatars/admin.jpg:0
[   67458ms] [INFO] %cDownload the React DevTools for a better development experience: https://react.dev/link/react-devtools font-weight:bold @ http://localhost:3100/_next/static/chunks/node_modules_next_dist_f3530cac._.js:2297
[   67542ms] [LOG] [HMR] connected @ http://localhost:3100/_next/static/chunks/node_modules_next_dist_f3530cac._.js:2297
[   68029ms] [ERROR] Failed to load resource: the server responded with a status of 404 (Not Found) @ http://localhost:3100/avatars/admin.jpg:0
[  153221ms] [LOG] [Fast Refresh] rebuilding @ http://localhost:3100/_next/static/chunks/node_modules_next_dist_f3530cac._.js:2297
[  153251ms] [LOG] [Fast Refresh] done in 130ms @ http://localhost:3100/_next/static/chunks/node_modules_next_dist_f3530cac._.js:2297
[  170866ms] [INFO] %cDownload the React DevTools for a better development experience: https://react.dev/link/react-devtools font-weight:bold @ http://localhost:3100/_next/static/chunks/node_modules_next_dist_f3530cac._.js:2297
[  170966ms] [LOG] [HMR] connected @ http://localhost:3100/_next/static/chunks/node_modules_next_dist_f3530cac._.js:2297
[  171351ms] [ERROR] Failed to load resource: the server responded with a status of 404 (Not Found) @ http://localhost:3100/avatars/admin.jpg:0
[  254409ms] [LOG] [Fast Refresh] rebuilding @ http://localhost:3100/_next/static/chunks/node_modules_next_dist_f3530cac._.js:2297
[  254624ms] [LOG] [Fast Refresh] done in 195ms @ http://localhost:3100/_next/static/chunks/node_modules_next_dist_f3530cac._.js:2297
[  254726ms] [LOG] [Fast Refresh] rebuilding @ http://localhost:3100/_next/static/chunks/node_modules_next_dist_f3530cac._.js:2297
[  254797ms] [LOG] [Fast Refresh] done in 171ms @ http://localhost:3100/_next/static/chunks/node_modules_next_dist_f3530cac._.js:2297
[  292973ms] [LOG] [Fast Refresh] rebuilding @ http://localhost:3100/_next/static/chunks/node_modules_next_dist_f3530cac._.js:2297
[  292978ms] [LOG] [Fast Refresh] done in 106ms @ http://localhost:3100/_next/static/chunks/node_modules_next_dist_f3530cac._.js:2297
[  293476ms] [INFO] %cDownload the React DevTools for a better development experience: https://react.dev/link/react-devtools font-weight:bold @ http://localhost:3100/_next/static/chunks/node_modules_next_dist_f3530cac._.js:2297
[  293567ms] [LOG] [HMR] connected @ http://localhost:3100/_next/static/chunks/node_modules_next_dist_f3530cac._.js:2297
[  293971ms] [ERROR] Failed to load resource: the server responded with a status of 404 (Not Found) @ http://localhost:3100/avatars/admin.jpg:0
[  294124ms] [LOG] [Fast Refresh] rebuilding @ http://localhost:3100/_next/static/chunks/node_modules_next_dist_f3530cac._.js:2297
[  294175ms] [LOG] [Fast Refresh] done in 160ms @ http://localhost:3100/_next/static/chunks/node_modules_next_dist_f3530cac._.js:2297
[ 1746795ms] [LOG] [Fast Refresh] rebuilding @ http://localhost:3100/_next/static/chunks/node_modules_next_dist_f3530cac._.js:2297
[ 1746857ms] [LOG] [Fast Refresh] done in 123ms @ http://localhost:3100/_next/static/chunks/node_modules_next_dist_f3530cac._.js:2297
[ 1760273ms] [LOG] [Fast Refresh] rebuilding @ http://localhost:3100/_next/static/chunks/node_modules_next_dist_f3530cac._.js:2297
[ 1760273ms] [LOG] [Fast Refresh] done in 101ms @ http://localhost:3100/_next/static/chunks/node_modules_next_dist_f3530cac._.js:2297
[ 1840798ms] [LOG] [Fast Refresh] rebuilding @ http://localhost:3100/_next/static/chunks/node_modules_next_dist_f3530cac._.js:2297
[ 1840807ms] [LOG] [Fast Refresh] done in 109ms @ http://localhost:3100/_next/static/chunks/node_modules_next_dist_f3530cac._.js:2297
