[    1206ms] [INFO] %cDownload the React DevTools for a better development experience: https://react.dev/link/react-devtools font-weight:bold @ http://localhost:3100/_next/static/chunks/node_modules_next_dist_f3530cac._.js:2297
[    1373ms] [LOG] [HMR] connected @ http://localhost:3100/_next/static/chunks/node_modules_next_dist_f3530cac._.js:2297
[    1517ms] [LOG] [Fast Refresh] rebuilding @ http://localhost:3100/_next/static/chunks/node_modules_next_dist_f3530cac._.js:2297
[    1534ms] [LOG] [Fast Refresh] done in 124ms @ http://localhost:3100/_next/static/chunks/node_modules_next_dist_f3530cac._.js:2297
[    2049ms] [ERROR] Failed to load resource: the server responded with a status of 404 (Not Found) @ http://localhost:3100/avatars/admin.jpg:0
[    2220ms] [LOG] [Fast Refresh] rebuilding @ http://localhost:3100/_next/static/chunks/node_modules_next_dist_f3530cac._.js:2297
[    2224ms] [LOG] [Fast Refresh] done in 151ms @ http://localhost:3100/_next/static/chunks/node_modules_next_dist_f3530cac._.js:2297
[    2348ms] [LOG] [Fast Refresh] rebuilding @ http://localhost:3100/_next/static/chunks/node_modules_next_dist_f3530cac._.js:2297
[    2372ms] [LOG] [Fast Refresh] done in 129ms @ http://localhost:3100/_next/static/chunks/node_modules_next_dist_f3530cac._.js:2297
[    2907ms] [ERROR] Failed to load resource: the server responded with a status of 500 () @ https://va.tawk.to/v1/session/start:0
[   17856ms] [VERBOSE] [DOM] Input elements should have autocomplete attributes (suggested: "current-password"): (More info: https://goo.gl/9p2vKq) %o @ http://localhost:3100/login:0
[   17927ms] [INFO] %cDownload the React DevTools for a better development experience: https://react.dev/link/react-devtools font-weight:bold @ http://localhost:3100/_next/static/chunks/node_modules_next_dist_f3530cac._.js:2297
[   17989ms] [LOG] [HMR] connected @ http://localhost:3100/_next/static/chunks/node_modules_next_dist_f3530cac._.js:2297
[   18468ms] [ERROR] Failed to load resource: the server responded with a status of 500 () @ https://va.tawk.to/v1/session/start:0
[   20317ms] [LOG] [Fast Refresh] rebuilding @ http://localhost:3100/_next/static/chunks/node_modules_next_dist_f3530cac._.js:2297
[   20352ms] [LOG] [Fast Refresh] done in 134ms @ http://localhost:3100/_next/static/chunks/node_modules_next_dist_f3530cac._.js:2297
[   20876ms] [LOG] [Fast Refresh] rebuilding @ http://localhost:3100/_next/static/chunks/node_modules_next_dist_f3530cac._.js:2297
[   21020ms] [LOG] [Fast Refresh] done in 244ms @ http://localhost:3100/_next/static/chunks/node_modules_next_dist_f3530cac._.js:2297
[   21155ms] [LOG] [Fast Refresh] rebuilding @ http://localhost:3100/_next/static/chunks/node_modules_next_dist_f3530cac._.js:2297
[   21166ms] [LOG] [Fast Refresh] done in 131ms @ http://localhost:3100/_next/static/chunks/node_modules_next_dist_f3530cac._.js:2297
[   26290ms] [LOG] [Fast Refresh] rebuilding @ http://localhost:3100/_next/static/chunks/node_modules_next_dist_f3530cac._.js:2297
[   26456ms] [LOG] [Fast Refresh] done in 267ms @ http://localhost:3100/_next/static/chunks/node_modules_next_dist_f3530cac._.js:2297
[   27518ms] [INFO] %cDownload the React DevTools for a better development experience: https://react.dev/link/react-devtools font-weight:bold @ http://localhost:3100/_next/static/chunks/node_modules_next_dist_f3530cac._.js:2297
[   27602ms] [LOG] [HMR] connected @ http://localhost:3100/_next/static/chunks/node_modules_next_dist_f3530cac._.js:2297
[   28019ms] [ERROR] Failed to load resource: the server responded with a status of 500 () @ https://va.tawk.to/v1/session/start:0
[   73989ms] [LOG] [Fast Refresh] rebuilding @ http://localhost:3100/_next/static/chunks/node_modules_next_dist_f3530cac._.js:2297
[   74199ms] [LOG] [Fast Refresh] done in 311ms @ http://localhost:3100/_next/static/chunks/node_modules_next_dist_f3530cac._.js:2297
[   74502ms] [INFO] %cDownload the React DevTools for a better development experience: https://react.dev/link/react-devtools font-weight:bold @ http://localhost:3100/_next/static/chunks/node_modules_next_dist_f3530cac._.js:2297
[   74577ms] [LOG] [HMR] connected @ http://localhost:3100/_next/static/chunks/node_modules_next_dist_f3530cac._.js:2297
[   75486ms] [ERROR] Failed to load resource: the server responded with a status of 500 () @ https://va.tawk.to/v1/session/start:0
[ 1417710ms] [LOG] [Fast Refresh] rebuilding @ http://localhost:3100/_next/static/chunks/node_modules_next_dist_f3530cac._.js:2297
[ 1417723ms] [LOG] [Fast Refresh] done in 113ms @ http://localhost:3100/_next/static/chunks/node_modules_next_dist_f3530cac._.js:2297
[ 3667992ms] [LOG] [HMR] connected @ http://localhost:3100/_next/static/chunks/node_modules_next_dist_f3530cac._.js:2297
[ 3668140ms] [LOG] [Fast Refresh] rebuilding @ http://localhost:3100/_next/static/chunks/node_modules_next_dist_f3530cac._.js:2297
[ 3668202ms] [LOG] [Fast Refresh] done in 162ms @ http://localhost:3100/_next/static/chunks/node_modules_next_dist_f3530cac._.js:2297
[ 3668318ms] [LOG] [Fast Refresh] rebuilding @ http://localhost:3100/_next/static/chunks/node_modules_next_dist_f3530cac._.js:2297
[ 3668319ms] [LOG] [Fast Refresh] done in 102ms @ http://localhost:3100/_next/static/chunks/node_modules_next_dist_f3530cac._.js:2297
[ 3668434ms] [LOG] [Fast Refresh] rebuilding @ http://localhost:3100/_next/static/chunks/node_modules_next_dist_f3530cac._.js:2297
[ 3668462ms] [LOG] [Fast Refresh] done in 128ms @ http://localhost:3100/_next/static/chunks/node_modules_next_dist_f3530cac._.js:2297
[ 4446555ms] [LOG] [Fast Refresh] rebuilding @ http://localhost:3100/_next/static/chunks/node_modules_next_dist_f3530cac._.js:2297
[ 4446871ms] [LOG] [Fast Refresh] done in 204ms @ http://localhost:3100/_next/static/chunks/node_modules_next_dist_f3530cac._.js:2297
[ 4447001ms] [LOG] [Fast Refresh] rebuilding @ http://localhost:3100/_next/static/chunks/node_modules_next_dist_f3530cac._.js:2297
[ 4447005ms] [LOG] [Fast Refresh] done in 104ms @ http://localhost:3100/_next/static/chunks/node_modules_next_dist_f3530cac._.js:2297
[ 4447120ms] [LOG] [Fast Refresh] rebuilding @ http://localhost:3100/_next/static/chunks/node_modules_next_dist_f3530cac._.js:2297
[ 4447144ms] [LOG] [Fast Refresh] done in 123ms @ http://localhost:3100/_next/static/chunks/node_modules_next_dist_f3530cac._.js:2297
[ 4462043ms] [LOG] [Fast Refresh] rebuilding @ http://localhost:3100/_next/static/chunks/node_modules_next_dist_f3530cac._.js:2297
[ 4462147ms] [LOG] [Fast Refresh] done in 161ms @ http://localhost:3100/_next/static/chunks/node_modules_next_dist_f3530cac._.js:2297
[ 4487587ms] [LOG] [Fast Refresh] rebuilding @ http://localhost:3100/_next/static/chunks/node_modules_next_dist_f3530cac._.js:2297
[ 4487628ms] [LOG] [Fast Refresh] done in 64ms @ http://localhost:3100/_next/static/chunks/node_modules_next_dist_f3530cac._.js:2297
[ 4502270ms] [LOG] [Fast Refresh] rebuilding @ http://localhost:3100/_next/static/chunks/node_modules_next_dist_f3530cac._.js:2297
[ 4502530ms] [LOG] [Fast Refresh] done in 171ms @ http://localhost:3100/_next/static/chunks/node_modules_next_dist_f3530cac._.js:2297
[ 4517593ms] [LOG] [Fast Refresh] rebuilding @ http://localhost:3100/_next/static/chunks/node_modules_next_dist_f3530cac._.js:2297
[ 4517800ms] [LOG] [Fast Refresh] done in 64ms @ http://localhost:3100/_next/static/chunks/node_modules_next_dist_f3530cac._.js:2297
[ 4517924ms] [LOG] [Fast Refresh] rebuilding @ http://localhost:3100/_next/static/chunks/node_modules_next_dist_f3530cac._.js:2297
[ 4517936ms] [LOG] [Fast Refresh] done in 120ms @ http://localhost:3100/_next/static/chunks/node_modules_next_dist_f3530cac._.js:2297
[ 4518042ms] [LOG] [Fast Refresh] rebuilding @ http://localhost:3100/_next/static/chunks/node_modules_next_dist_f3530cac._.js:2297
[ 4518051ms] [LOG] [Fast Refresh] done in 108ms @ http://localhost:3100/_next/static/chunks/node_modules_next_dist_f3530cac._.js:2297
